../Core/Src/main.c:88:5:main	8	static
../Core/Src/main.c:179:6:SystemClock_Config	72	static
../Core/Src/main.c:218:13:MX_SPI1_Init	8	static
../Core/Src/main.c:256:13:MX_TIM2_Init	32	static
../Core/Src/main.c:301:13:MX_USART2_UART_Init	8	static
../Core/Src/main.c:332:13:MX_DMA_Init	16	static
../Core/Src/main.c:350:13:MX_GPIO_Init	40	static
../Core/Src/main.c:390:6:configureTimerForRunTimeStats	4	static
../Core/Src/main.c:395:15:getRunTimeCounterValue	4	static
../Core/Src/main.c:409:6:StartDefaultTask	16	static
../Core/Src/main.c:428:6:HAL_TIM_PeriodElapsedCallback	16	static
../Core/Src/main.c:450:6:Error_Handler	4	static,ignoring_inline_asm
