../Core/Src/main.c:88:5:main	1
../Core/Src/main.c:179:6:SystemClock_Config	3
../Core/Src/main.c:218:13:MX_SPI1_Init	2
../Core/Src/main.c:256:13:MX_TIM2_Init	4
../Core/Src/main.c:301:13:MX_USART2_UART_Init	2
../Core/Src/main.c:332:13:MX_DMA_Init	1
../Core/Src/main.c:350:13:MX_GPIO_Init	1
../Core/Src/main.c:390:6:configureTimerForRunTimeStats	1
../Core/Src/main.c:395:15:getRunTimeCounterValue	1
../Core/Src/main.c:409:6:StartDefaultTask	1
../Core/Src/main.c:428:6:HAL_TIM_PeriodElapsedCallback	3
../Core/Src/main.c:450:6:Error_Handler	1
