../Core/Src/main.c:86:5:main	8	static
../Core/Src/main.c:176:6:SystemClock_Config	72	static
../Core/Src/main.c:215:13:MX_SPI1_Init	8	static
../Core/Src/main.c:253:13:MX_TIM2_Init	32	static
../Core/Src/main.c:298:13:MX_USART2_UART_Init	8	static
../Core/Src/main.c:331:13:MX_GPIO_Init	40	static
../Core/Src/main.c:371:6:configureTimerForRunTimeStats	4	static
../Core/Src/main.c:376:15:getRunTimeCounterValue	4	static
../Core/Src/main.c:390:6:StartDefaultTask	16	static
../Core/Src/main.c:409:6:HAL_TIM_PeriodElapsedCallback	16	static
../Core/Src/main.c:431:6:Error_Handler	4	static,ignoring_inline_asm
