../Core/Src/main.c:89:5:main	8	static
../Core/Src/main.c:180:6:SystemClock_Config	72	static
../Core/Src/main.c:219:13:MX_SPI1_Init	8	static
../Core/Src/main.c:257:13:MX_TIM2_Init	32	static
../Core/Src/main.c:302:13:MX_USART2_UART_Init	8	static
../Core/Src/main.c:333:13:MX_DMA_Init	16	static
../Core/Src/main.c:354:13:MX_GPIO_Init	40	static
../Core/Src/main.c:394:6:configureTimerForRunTimeStats	4	static
../Core/Src/main.c:399:15:getRunTimeCounterValue	4	static
../Core/Src/main.c:413:6:StartDefaultTask	16	static
../Core/Src/main.c:432:6:HAL_TIM_PeriodElapsedCallback	16	static
../Core/Src/main.c:454:6:Error_Handler	4	static,ignoring_inline_asm
